Name                                                                                                                                                                                                                                                             Phone                                                                                                                                                                                                                                                            Degree                 ExamDuration
---------------------------------------------------------------------------------------------------------------------------------------------------------------------------------------------------------------------------------------------------------------- ---------------------------------------------------------------------------------------------------------------------------------------------------------------------------------------------------------------------------------------------------------------- ---------------------- ----------------------

(0 rows affected)


Completion time: 2022-08-08T01:50:14.2538377+02:00
